// Jest Snapshot v1, https://goo.gl/fbAQLP

exports[`Contact Details Screen Component: OneInfoText should render 1`] = `
<RNCSafeAreaProvider
  onInsetsChange={[Function]}
  style={
    {
      "flex": 1,
    }
  }
>
  <View
    dataSet={{}}
    style={
      {
        "flexDirection": "row",
      }
    }
  >
    <Text
      dataSet={{}}
      style={
        {
          "backgroundColor": undefined,
          "color": "#171717",
          "fontFamily": undefined,
          "fontSize": 18,
          "fontStyle": "normal",
          "fontWeight": "400",
          "letterSpacing": 0,
          "lineHeight": 27,
          "textDecorationLine": undefined,
        }
      }
    >
      Test:
    </Text>
    <View
      dataSet={{}}
      style={
        {
          "width": 16,
        }
      }
    />
    <Text
      dataSet={{}}
      style={
        {
          "backgroundColor": undefined,
          "color": "#171717",
          "fontFamily": undefined,
          "fontSize": 18,
          "fontStyle": "normal",
          "fontWeight": "400",
          "letterSpacing": 0,
          "lineHeight": 27,
          "textDecorationLine": undefined,
        }
      }
    >
      1
    </Text>
  </View>
</RNCSafeAreaProvider>
`;
