// Jest Snapshot v1, https://goo.gl/fbAQLP

exports[`Component: IconButton should render icon 1`] = `
<RNCSafeAreaProvider
  onInsetsChange={[Function]}
  style={
    [
      {
        "flex": 1,
      },
      undefined,
    ]
  }
>
  <View
    accessibilityRole="button"
    accessibilityState={
      {
        "busy": undefined,
        "checked": undefined,
        "disabled": undefined,
        "expanded": undefined,
        "selected": undefined,
      }
    }
    accessibilityValue={
      {
        "max": undefined,
        "min": undefined,
        "now": undefined,
        "text": undefined,
      }
    }
    accessible={true}
    collapsable={false}
    colorScheme="primary"
    dataSet={{}}
    focusable={true}
    onBlur={[Function]}
    onClick={[Function]}
    onFocus={[Function]}
    onResponderGrant={[Function]}
    onResponderMove={[Function]}
    onResponderRelease={[Function]}
    onResponderTerminate={[Function]}
    onResponderTerminationRequest={[Function]}
    onStartShouldSetResponder={[Function]}
    style={
      {
        "alignItems": "center",
        "borderRadius": 4,
        "flexDirection": "row",
        "justifyContent": "center",
        "paddingBottom": 10,
        "paddingLeft": 12,
        "paddingRight": 12,
        "paddingTop": 10,
      }
    }
  >
    <View
      dataSet={{}}
      style={
        {
          "alignItems": "center",
          "flexDirection": "row",
        }
      }
      test={true}
    >
      <View
        dataSet={{}}
        style={{}}
      >
        <Image
          accessibilityLabel="search"
          alt="search"
          dataSet={{}}
          onError={[Function]}
          source={
            {
              "testUri": "../../../src/assets/icons/search.png",
            }
          }
          style={
            {
              "height": 24,
              "maxWidth": "100%",
              "width": 24,
            }
          }
        />
      </View>
    </View>
  </View>
</RNCSafeAreaProvider>
`;
