// Jest Snapshot v1, https://goo.gl/fbAQLP

exports[`ContactList Component: ContactFlatList should render ContactFlatList 1`] = `
<RNCSafeAreaProvider
  onInsetsChange={[Function]}
  style={
    {
      "flex": 1,
    }
  }
>
  <RCTScrollView
    ItemSeparatorComponent={[Function]}
    ListFooterComponent={[Function]}
    data={
      [
        {
          "backTitle": "Back",
          "birthday": {
            "day": 20,
            "month": 1,
            "year": 1978,
          },
          "company": "Creative Consulting",
          "department": "Marketing",
          "displayName": "Kate Bell",
          "emailAddresses": [],
          "familyName": "Bell",
          "givenName": "Kate",
          "hasThumbnail": false,
          "imAddresses": [],
          "isStarred": false,
          "jobTitle": "Producer",
          "middleName": "",
          "note": "Kate Bell has been working on new designs for our holiday product line. She has some great ideas.",
          "phoneNumbers": [],
          "postalAddresses": [],
          "prefix": "Ms.",
          "recordID": "177C371E-701D-42F8-A03B-C61CA31627F6",
          "suffix": "Jr.",
          "thumbnailPath": "",
          "urlAddresses": [],
        },
      ]
    }
    getItem={[Function]}
    getItemCount={[Function]}
    keyExtractor={[Function]}
    onContentSizeChange={[Function]}
    onLayout={[Function]}
    onMomentumScrollBegin={[Function]}
    onMomentumScrollEnd={[Function]}
    onScroll={[Function]}
    onScrollBeginDrag={[Function]}
    onScrollEndDrag={[Function]}
    refreshControl={
      <RefreshControlMock
        onRefresh={[Function]}
        refreshing={false}
      />
    }
    removeClippedSubviews={false}
    renderItem={[Function]}
    scrollEventThrottle={50}
    stickyHeaderIndices={[]}
    viewabilityConfigCallbackPairs={[]}
  >
    <RCTRefreshControl />
    <View>
      <View
        onFocusCapture={[Function]}
        onLayout={[Function]}
        style={null}
      >
        <View
          accessibilityState={
            {
              "busy": undefined,
              "checked": undefined,
              "disabled": undefined,
              "expanded": undefined,
              "selected": undefined,
            }
          }
          accessibilityValue={
            {
              "max": undefined,
              "min": undefined,
              "now": undefined,
              "text": undefined,
            }
          }
          accessible={true}
          collapsable={false}
          focusable={true}
          onClick={[Function]}
          onResponderGrant={[Function]}
          onResponderMove={[Function]}
          onResponderRelease={[Function]}
          onResponderTerminate={[Function]}
          onResponderTerminationRequest={[Function]}
          onStartShouldSetResponder={[Function]}
          style={
            {
              "opacity": 1,
            }
          }
        >
          <View
            dataSet={{}}
            style={
              {
                "alignItems": "center",
                "flexDirection": "row",
              }
            }
          >
            <Text
              dataSet={{}}
              style={
                {
                  "backgroundColor": undefined,
                  "color": "#171717",
                  "fontFamily": undefined,
                  "fontSize": 18,
                  "fontStyle": "normal",
                  "fontWeight": "400",
                  "letterSpacing": 0,
                  "lineHeight": 27,
                  "textDecorationLine": undefined,
                }
              }
            >
              Kate Bell
            </Text>
          </View>
        </View>
      </View>
      <View
        onLayout={[Function]}
      >
        <View
          dataSet={{}}
          style={
            {
              "alignItems": "center",
              "marginTop": 8,
            }
          }
        >
          <Text
            dataSet={{}}
            style={
              {
                "backgroundColor": undefined,
                "color": "#171717",
                "fontFamily": undefined,
                "fontSize": 14,
                "fontStyle": "normal",
                "fontWeight": "400",
                "letterSpacing": 0,
                "lineHeight": 21,
                "textDecorationLine": undefined,
              }
            }
          >
            1 contacts
          </Text>
        </View>
      </View>
    </View>
  </RCTScrollView>
</RNCSafeAreaProvider>
`;
