// Jest Snapshot v1, https://goo.gl/fbAQLP

exports[`ContactDetails Screen should render ContactDetails Screen 1`] = `
<RNCSafeAreaProvider
  onInsetsChange={[Function]}
  style={
    {
      "flex": 1,
    }
  }
>
  <View
    dataSet={{}}
    style={
      {
        "flex": 1,
      }
    }
  >
    <View
      dataSet={{}}
      style={
        {
          "position": "fixed",
        }
      }
    >
      <View
        dataSet={{}}
        style={
          {
            "alignItems": "center",
            "flexDirection": "row",
            "justifyContent": "space-between",
            "marginRight": 16,
          }
        }
      >
        <View
          accessibilityRole="button"
          accessibilityState={
            {
              "busy": undefined,
              "checked": undefined,
              "disabled": undefined,
              "expanded": undefined,
              "selected": undefined,
            }
          }
          accessibilityValue={
            {
              "max": undefined,
              "min": undefined,
              "now": undefined,
              "text": undefined,
            }
          }
          accessible={true}
          collapsable={false}
          colorScheme="primary"
          dataSet={{}}
          focusable={true}
          onBlur={[Function]}
          onClick={[Function]}
          onFocus={[Function]}
          onResponderGrant={[Function]}
          onResponderMove={[Function]}
          onResponderRelease={[Function]}
          onResponderTerminate={[Function]}
          onResponderTerminationRequest={[Function]}
          onStartShouldSetResponder={[Function]}
          style={
            {
              "alignItems": "center",
              "borderRadius": 4,
              "flexDirection": "row",
              "justifyContent": "center",
              "paddingBottom": 10,
              "paddingLeft": 12,
              "paddingRight": 12,
              "paddingTop": 10,
            }
          }
        >
          <View
            dataSet={{}}
            style={
              {
                "alignItems": "center",
                "flexDirection": "row",
              }
            }
            test={true}
          >
            <View
              dataSet={{}}
              style={{}}
            >
              <Image
                accessibilityLabel="left-arrow"
                alt="left-arrow"
                dataSet={{}}
                onError={[Function]}
                source={
                  {
                    "testUri": "../../../src/assets/icons/left-arrow.png",
                  }
                }
                style={
                  {
                    "height": 24,
                    "maxWidth": "100%",
                    "width": 24,
                  }
                }
              />
            </View>
          </View>
        </View>
        <View
          dataSet={{}}
          style={{}}
        />
        <View
          accessibilityRole="button"
          accessibilityState={
            {
              "busy": undefined,
              "checked": undefined,
              "disabled": undefined,
              "expanded": undefined,
              "selected": undefined,
            }
          }
          accessibilityValue={
            {
              "max": undefined,
              "min": undefined,
              "now": undefined,
              "text": undefined,
            }
          }
          accessible={true}
          collapsable={false}
          colorScheme="primary"
          dataSet={{}}
          focusable={true}
          onBlur={[Function]}
          onClick={[Function]}
          onFocus={[Function]}
          onResponderGrant={[Function]}
          onResponderMove={[Function]}
          onResponderRelease={[Function]}
          onResponderTerminate={[Function]}
          onResponderTerminationRequest={[Function]}
          onStartShouldSetResponder={[Function]}
          style={
            {
              "alignItems": "center",
              "borderRadius": 4,
              "flexDirection": "row",
              "justifyContent": "center",
              "paddingBottom": 10,
              "paddingLeft": 12,
              "paddingRight": 12,
              "paddingTop": 10,
            }
          }
        >
          <View
            dataSet={{}}
            style={
              {
                "alignItems": "center",
                "flexDirection": "row",
              }
            }
            test={true}
          >
            <View
              dataSet={{}}
              style={{}}
            >
              <Image
                accessibilityLabel="star-outline"
                alt="star-outline"
                dataSet={{}}
                onError={[Function]}
                source={
                  {
                    "testUri": "../../../src/assets/icons/star-outline.png",
                  }
                }
                style={
                  {
                    "height": 24,
                    "maxWidth": "100%",
                    "width": 24,
                  }
                }
              />
            </View>
          </View>
        </View>
      </View>
      <View
        dataSet={{}}
        style={{}}
      />
      <View
        aria-orientation="horizontal"
        dataSet={{}}
        style={
          {
            "backgroundColor": "#d4d4d4",
            "height": 1,
            "width": "100%",
          }
        }
        thickness="1"
      />
    </View>
    <View
      dataSet={{}}
      style={{}}
    />
    <View
      dataSet={{}}
      style={
        {
          "flex": 1,
          "marginBottom": 16,
          "marginLeft": 16,
          "marginRight": 16,
          "marginTop": 16,
        }
      }
    >
      <RCTScrollView>
        <View>
          <View
            dataSet={{}}
            style={
              {
                "flex": 1,
                "width": "100%",
              }
            }
          >
            <View
              dataSet={{}}
              style={
                {
                  "flexDirection": "row",
                }
              }
            >
              <Text
                dataSet={{}}
                style={
                  {
                    "backgroundColor": undefined,
                    "color": "#171717",
                    "fontFamily": undefined,
                    "fontSize": 18,
                    "fontStyle": "normal",
                    "fontWeight": "400",
                    "letterSpacing": 0,
                    "lineHeight": 27,
                    "textDecorationLine": undefined,
                  }
                }
              >
                Name:
              </Text>
              <View
                dataSet={{}}
                style={
                  {
                    "width": 16,
                  }
                }
              />
              <Text
                dataSet={{}}
                style={
                  {
                    "backgroundColor": undefined,
                    "color": "#171717",
                    "fontFamily": undefined,
                    "fontSize": 18,
                    "fontStyle": "normal",
                    "fontWeight": "400",
                    "letterSpacing": 0,
                    "lineHeight": 27,
                    "textDecorationLine": undefined,
                  }
                }
              >
                Kate Bell 
              </Text>
            </View>
            <View
              dataSet={{}}
              style={
                {
                  "height": 16,
                }
              }
            />
            <View
              dataSet={{}}
              style={
                {
                  "flexDirection": "row",
                }
              }
            >
              <Text
                dataSet={{}}
                style={
                  {
                    "backgroundColor": undefined,
                    "color": "#171717",
                    "fontFamily": undefined,
                    "fontSize": 18,
                    "fontStyle": "normal",
                    "fontWeight": "400",
                    "letterSpacing": 0,
                    "lineHeight": 27,
                    "textDecorationLine": undefined,
                  }
                }
              >
                Birthday:
              </Text>
              <View
                dataSet={{}}
                style={
                  {
                    "width": 16,
                  }
                }
              />
              <Text
                dataSet={{}}
                style={
                  {
                    "backgroundColor": undefined,
                    "color": "#171717",
                    "fontFamily": undefined,
                    "fontSize": 18,
                    "fontStyle": "normal",
                    "fontWeight": "400",
                    "letterSpacing": 0,
                    "lineHeight": 27,
                    "textDecorationLine": undefined,
                  }
                }
              >
                20/01/1978
              </Text>
            </View>
            <View
              dataSet={{}}
              style={
                {
                  "height": 16,
                }
              }
            />
            <View
              dataSet={{}}
              style={
                {
                  "flexDirection": "row",
                }
              }
            >
              <Text
                dataSet={{}}
                style={
                  {
                    "backgroundColor": undefined,
                    "color": "#171717",
                    "fontFamily": undefined,
                    "fontSize": 18,
                    "fontStyle": "normal",
                    "fontWeight": "400",
                    "letterSpacing": 0,
                    "lineHeight": 27,
                    "textDecorationLine": undefined,
                  }
                }
              >
                Phone Numbers:
              </Text>
              <View
                dataSet={{}}
                style={
                  {
                    "width": 16,
                  }
                }
              />
              <View
                dataSet={{}}
                style={
                  {
                    "width": "50%",
                  }
                }
              />
            </View>
            <View
              dataSet={{}}
              style={
                {
                  "height": 16,
                }
              }
            />
            <View
              dataSet={{}}
              style={
                {
                  "flexDirection": "row",
                }
              }
            >
              <Text
                dataSet={{}}
                style={
                  {
                    "backgroundColor": undefined,
                    "color": "#171717",
                    "fontFamily": undefined,
                    "fontSize": 18,
                    "fontStyle": "normal",
                    "fontWeight": "400",
                    "letterSpacing": 0,
                    "lineHeight": 27,
                    "textDecorationLine": undefined,
                  }
                }
              >
                Email Addresses:
              </Text>
              <View
                dataSet={{}}
                style={
                  {
                    "width": 16,
                  }
                }
              />
              <View
                dataSet={{}}
                style={
                  {
                    "width": "50%",
                  }
                }
              />
            </View>
            <View
              dataSet={{}}
              style={
                {
                  "height": 16,
                }
              }
            />
            <View
              dataSet={{}}
              style={
                {
                  "flexDirection": "row",
                }
              }
            >
              <Text
                dataSet={{}}
                style={
                  {
                    "backgroundColor": undefined,
                    "color": "#171717",
                    "fontFamily": undefined,
                    "fontSize": 18,
                    "fontStyle": "normal",
                    "fontWeight": "400",
                    "letterSpacing": 0,
                    "lineHeight": 27,
                    "textDecorationLine": undefined,
                  }
                }
              >
                URL Addresses:
              </Text>
              <View
                dataSet={{}}
                style={
                  {
                    "width": 16,
                  }
                }
              />
              <View
                dataSet={{}}
                style={
                  {
                    "width": "50%",
                  }
                }
              />
            </View>
            <View
              dataSet={{}}
              style={
                {
                  "height": 16,
                }
              }
            />
            <View
              dataSet={{}}
              style={
                {
                  "flexDirection": "row",
                }
              }
            >
              <Text
                dataSet={{}}
                style={
                  {
                    "backgroundColor": undefined,
                    "color": "#171717",
                    "fontFamily": undefined,
                    "fontSize": 18,
                    "fontStyle": "normal",
                    "fontWeight": "400",
                    "letterSpacing": 0,
                    "lineHeight": 27,
                    "textDecorationLine": undefined,
                  }
                }
              >
                Job Title:
              </Text>
              <View
                dataSet={{}}
                style={
                  {
                    "width": 16,
                  }
                }
              />
              <Text
                dataSet={{}}
                style={
                  {
                    "backgroundColor": undefined,
                    "color": "#171717",
                    "fontFamily": undefined,
                    "fontSize": 18,
                    "fontStyle": "normal",
                    "fontWeight": "400",
                    "letterSpacing": 0,
                    "lineHeight": 27,
                    "textDecorationLine": undefined,
                  }
                }
              >
                Producer
              </Text>
            </View>
            <View
              dataSet={{}}
              style={
                {
                  "height": 16,
                }
              }
            />
            <View
              dataSet={{}}
              style={
                {
                  "flexDirection": "row",
                }
              }
            >
              <Text
                dataSet={{}}
                style={
                  {
                    "backgroundColor": undefined,
                    "color": "#171717",
                    "fontFamily": undefined,
                    "fontSize": 18,
                    "fontStyle": "normal",
                    "fontWeight": "400",
                    "letterSpacing": 0,
                    "lineHeight": 27,
                    "textDecorationLine": undefined,
                  }
                }
              >
                Company:
              </Text>
              <View
                dataSet={{}}
                style={
                  {
                    "width": 16,
                  }
                }
              />
              <Text
                dataSet={{}}
                style={
                  {
                    "backgroundColor": undefined,
                    "color": "#171717",
                    "fontFamily": undefined,
                    "fontSize": 18,
                    "fontStyle": "normal",
                    "fontWeight": "400",
                    "letterSpacing": 0,
                    "lineHeight": 27,
                    "textDecorationLine": undefined,
                  }
                }
              >
                Creative Consulting
              </Text>
            </View>
            <View
              dataSet={{}}
              style={
                {
                  "height": 16,
                }
              }
            />
            <View
              dataSet={{}}
              style={
                {
                  "flexDirection": "row",
                }
              }
            >
              <Text
                dataSet={{}}
                style={
                  {
                    "backgroundColor": undefined,
                    "color": "#171717",
                    "fontFamily": undefined,
                    "fontSize": 18,
                    "fontStyle": "normal",
                    "fontWeight": "400",
                    "letterSpacing": 0,
                    "lineHeight": 27,
                    "textDecorationLine": undefined,
                  }
                }
              >
                Postal Addresses:
              </Text>
              <View
                dataSet={{}}
                style={
                  {
                    "width": 16,
                  }
                }
              />
              <View
                dataSet={{}}
                style={
                  {
                    "width": "50%",
                  }
                }
              />
            </View>
          </View>
        </View>
      </RCTScrollView>
    </View>
  </View>
</RNCSafeAreaProvider>
`;
